------------------------------------------------------------
TimeQuest Timing Analyzer Summary
------------------------------------------------------------

Type  : Slow 1200mV 85C Model Setup 'CLOCK_50'
Slack : -1.856
TNS   : -3.678

Type  : Slow 1200mV 85C Model Setup 'u0|altpll|sd1|pll7|clk[0]'
Slack : 0.214
TNS   : 0.000

Type  : Slow 1200mV 85C Model Setup 'u0|altpll|sd1|pll7|clk[3]'
Slack : 13.678
TNS   : 0.000

Type  : Slow 1200mV 85C Model Setup 'u0|altpll_audio|sd1|pll7|clk[0]'
Slack : 20.648
TNS   : 0.000

Type  : Slow 1200mV 85C Model Setup 'altera_reserved_tck'
Slack : 46.830
TNS   : 0.000

Type  : Slow 1200mV 85C Model Hold 'u0|altpll|sd1|pll7|clk[0]'
Slack : 0.339
TNS   : 0.000

Type  : Slow 1200mV 85C Model Hold 'u0|altpll_audio|sd1|pll7|clk[0]'
Slack : 0.352
TNS   : 0.000

Type  : Slow 1200mV 85C Model Hold 'CLOCK_50'
Slack : 0.383
TNS   : 0.000

Type  : Slow 1200mV 85C Model Hold 'altera_reserved_tck'
Slack : 0.403
TNS   : 0.000

Type  : Slow 1200mV 85C Model Hold 'u0|altpll|sd1|pll7|clk[3]'
Slack : 0.403
TNS   : 0.000

Type  : Slow 1200mV 85C Model Recovery 'u0|altpll|sd1|pll7|clk[0]'
Slack : 4.780
TNS   : 0.000

Type  : Slow 1200mV 85C Model Recovery 'CLOCK_50'
Slack : 12.851
TNS   : 0.000

Type  : Slow 1200mV 85C Model Recovery 'altera_reserved_tck'
Slack : 47.726
TNS   : 0.000

Type  : Slow 1200mV 85C Model Recovery 'u0|altpll_audio|sd1|pll7|clk[0]'
Slack : 48.207
TNS   : 0.000

Type  : Slow 1200mV 85C Model Removal 'u0|altpll_audio|sd1|pll7|clk[0]'
Slack : 1.019
TNS   : 0.000

Type  : Slow 1200mV 85C Model Removal 'altera_reserved_tck'
Slack : 1.200
TNS   : 0.000

Type  : Slow 1200mV 85C Model Removal 'CLOCK_50'
Slack : 2.359
TNS   : 0.000

Type  : Slow 1200mV 85C Model Removal 'u0|altpll|sd1|pll7|clk[0]'
Slack : 3.736
TNS   : 0.000

Type  : Slow 1200mV 85C Model Minimum Pulse Width 'u0|altpll|sd1|pll7|clk[0]'
Slack : 4.614
TNS   : 0.000

Type  : Slow 1200mV 85C Model Minimum Pulse Width 'CLOCK_50'
Slack : 9.678
TNS   : 0.000

Type  : Slow 1200mV 85C Model Minimum Pulse Width 'CLOCK2_50'
Slack : 16.000
TNS   : 0.000

Type  : Slow 1200mV 85C Model Minimum Pulse Width 'CLOCK3_50'
Slack : 16.000
TNS   : 0.000

Type  : Slow 1200mV 85C Model Minimum Pulse Width 'u0|altpll|sd1|pll7|clk[3]'
Slack : 19.711
TNS   : 0.000

Type  : Slow 1200mV 85C Model Minimum Pulse Width 'u0|altpll_audio|sd1|pll7|clk[0]'
Slack : 26.814
TNS   : 0.000

Type  : Slow 1200mV 85C Model Minimum Pulse Width 'altera_reserved_tck'
Slack : 49.700
TNS   : 0.000

Type  : Slow 1200mV 0C Model Setup 'CLOCK_50'
Slack : -1.690
TNS   : -3.342

Type  : Slow 1200mV 0C Model Setup 'u0|altpll|sd1|pll7|clk[0]'
Slack : 0.878
TNS   : 0.000

Type  : Slow 1200mV 0C Model Setup 'u0|altpll|sd1|pll7|clk[3]'
Slack : 14.330
TNS   : 0.000

Type  : Slow 1200mV 0C Model Setup 'u0|altpll_audio|sd1|pll7|clk[0]'
Slack : 21.211
TNS   : 0.000

Type  : Slow 1200mV 0C Model Setup 'altera_reserved_tck'
Slack : 47.225
TNS   : 0.000

Type  : Slow 1200mV 0C Model Hold 'CLOCK_50'
Slack : 0.336
TNS   : 0.000

Type  : Slow 1200mV 0C Model Hold 'u0|altpll|sd1|pll7|clk[0]'
Slack : 0.338
TNS   : 0.000

Type  : Slow 1200mV 0C Model Hold 'u0|altpll_audio|sd1|pll7|clk[0]'
Slack : 0.339
TNS   : 0.000

Type  : Slow 1200mV 0C Model Hold 'altera_reserved_tck'
Slack : 0.353
TNS   : 0.000

Type  : Slow 1200mV 0C Model Hold 'u0|altpll|sd1|pll7|clk[3]'
Slack : 0.354
TNS   : 0.000

Type  : Slow 1200mV 0C Model Recovery 'u0|altpll|sd1|pll7|clk[0]'
Slack : 5.320
TNS   : 0.000

Type  : Slow 1200mV 0C Model Recovery 'CLOCK_50'
Slack : 13.606
TNS   : 0.000

Type  : Slow 1200mV 0C Model Recovery 'altera_reserved_tck'
Slack : 48.041
TNS   : 0.000

Type  : Slow 1200mV 0C Model Recovery 'u0|altpll_audio|sd1|pll7|clk[0]'
Slack : 48.840
TNS   : 0.000

Type  : Slow 1200mV 0C Model Removal 'u0|altpll_audio|sd1|pll7|clk[0]'
Slack : 0.926
TNS   : 0.000

Type  : Slow 1200mV 0C Model Removal 'altera_reserved_tck'
Slack : 1.098
TNS   : 0.000

Type  : Slow 1200mV 0C Model Removal 'CLOCK_50'
Slack : 2.152
TNS   : 0.000

Type  : Slow 1200mV 0C Model Removal 'u0|altpll|sd1|pll7|clk[0]'
Slack : 3.372
TNS   : 0.000

Type  : Slow 1200mV 0C Model Minimum Pulse Width 'u0|altpll|sd1|pll7|clk[0]'
Slack : 4.650
TNS   : 0.000

Type  : Slow 1200mV 0C Model Minimum Pulse Width 'CLOCK_50'
Slack : 9.687
TNS   : 0.000

Type  : Slow 1200mV 0C Model Minimum Pulse Width 'CLOCK2_50'
Slack : 16.000
TNS   : 0.000

Type  : Slow 1200mV 0C Model Minimum Pulse Width 'CLOCK3_50'
Slack : 16.000
TNS   : 0.000

Type  : Slow 1200mV 0C Model Minimum Pulse Width 'u0|altpll|sd1|pll7|clk[3]'
Slack : 19.711
TNS   : 0.000

Type  : Slow 1200mV 0C Model Minimum Pulse Width 'u0|altpll_audio|sd1|pll7|clk[0]'
Slack : 26.805
TNS   : 0.000

Type  : Slow 1200mV 0C Model Minimum Pulse Width 'altera_reserved_tck'
Slack : 49.592
TNS   : 0.000

Type  : Fast 1200mV 0C Model Setup 'CLOCK_50'
Slack : -0.861
TNS   : -1.701

Type  : Fast 1200mV 0C Model Setup 'u0|altpll|sd1|pll7|clk[0]'
Slack : 2.771
TNS   : 0.000

Type  : Fast 1200mV 0C Model Setup 'u0|altpll|sd1|pll7|clk[3]'
Slack : 16.585
TNS   : 0.000

Type  : Fast 1200mV 0C Model Setup 'u0|altpll_audio|sd1|pll7|clk[0]'
Slack : 23.890
TNS   : 0.000

Type  : Fast 1200mV 0C Model Setup 'altera_reserved_tck'
Slack : 48.737
TNS   : 0.000

Type  : Fast 1200mV 0C Model Hold 'u0|altpll|sd1|pll7|clk[0]'
Slack : 0.132
TNS   : 0.000

Type  : Fast 1200mV 0C Model Hold 'u0|altpll_audio|sd1|pll7|clk[0]'
Slack : 0.140
TNS   : 0.000

Type  : Fast 1200mV 0C Model Hold 'CLOCK_50'
Slack : 0.172
TNS   : 0.000

Type  : Fast 1200mV 0C Model Hold 'altera_reserved_tck'
Slack : 0.180
TNS   : 0.000

Type  : Fast 1200mV 0C Model Hold 'u0|altpll|sd1|pll7|clk[3]'
Slack : 0.182
TNS   : 0.000

Type  : Fast 1200mV 0C Model Recovery 'u0|altpll|sd1|pll7|clk[0]'
Slack : 7.213
TNS   : 0.000

Type  : Fast 1200mV 0C Model Recovery 'CLOCK_50'
Slack : 16.096
TNS   : 0.000

Type  : Fast 1200mV 0C Model Recovery 'altera_reserved_tck'
Slack : 49.138
TNS   : 0.000

Type  : Fast 1200mV 0C Model Recovery 'u0|altpll_audio|sd1|pll7|clk[0]'
Slack : 50.982
TNS   : 0.000

Type  : Fast 1200mV 0C Model Removal 'u0|altpll_audio|sd1|pll7|clk[0]'
Slack : 0.485
TNS   : 0.000

Type  : Fast 1200mV 0C Model Removal 'altera_reserved_tck'
Slack : 0.569
TNS   : 0.000

Type  : Fast 1200mV 0C Model Removal 'CLOCK_50'
Slack : 1.143
TNS   : 0.000

Type  : Fast 1200mV 0C Model Removal 'u0|altpll|sd1|pll7|clk[0]'
Slack : 1.917
TNS   : 0.000

Type  : Fast 1200mV 0C Model Minimum Pulse Width 'u0|altpll|sd1|pll7|clk[0]'
Slack : 4.747
TNS   : 0.000

Type  : Fast 1200mV 0C Model Minimum Pulse Width 'CLOCK_50'
Slack : 9.242
TNS   : 0.000

Type  : Fast 1200mV 0C Model Minimum Pulse Width 'CLOCK2_50'
Slack : 16.000
TNS   : 0.000

Type  : Fast 1200mV 0C Model Minimum Pulse Width 'CLOCK3_50'
Slack : 16.000
TNS   : 0.000

Type  : Fast 1200mV 0C Model Minimum Pulse Width 'u0|altpll|sd1|pll7|clk[3]'
Slack : 19.781
TNS   : 0.000

Type  : Fast 1200mV 0C Model Minimum Pulse Width 'u0|altpll_audio|sd1|pll7|clk[0]'
Slack : 26.887
TNS   : 0.000

Type  : Fast 1200mV 0C Model Minimum Pulse Width 'altera_reserved_tck'
Slack : 49.425
TNS   : 0.000

------------------------------------------------------------
